
> viventa-rd-mvp-full@0.1.0 build
> next build

node.exe : [baseline-browser-mapping] The data in this module is over two months old.  To 
ensure accurate Baseline data, please update: `npm i baseline-browser-mapping@latest -D`
At line:1 char:1
+ & "C:\Program Files\nodejs/node.exe" "C:\Program Files\nodejs/node_mo ...
+ ~~~~~~~~~~~~~~~~~~~~~~~~~~~~~~~~~~~~~~~~~~~~~~~~~~~~~~~~~~~~~~~~~~~~~
    + CategoryInfo          : NotSpecified: ([baseline-brows...ping@latest -D`:String) [],  
   RemoteException
    + FullyQualifiedErrorId : NativeCommandError
 
  Γû▓ Next.js 14.2.5
  - Environments: .env.local


> Build error occurred
Error: EINVAL: invalid argument, readlink 'C:\Users\eduar\OneDrive\Desktop\Viventa 
RD\.next\server\app\api\admin\billing\payment-link\route.js'
    at async Object.readlink (node:internal/fs/promises:976:10)
    at async C:\Users\eduar\OneDrive\Desktop\Viventa 
RD\node_modules\next\dist\lib\recursive-delete.js:58:30
    at async Promise.all (index 0)
    at async recursiveDelete (C:\Users\eduar\OneDrive\Desktop\Viventa 
RD\node_modules\next\dist\lib\recursive-delete.js:51:5)
    at async C:\Users\eduar\OneDrive\Desktop\Viventa 
RD\node_modules\next\dist\lib\recursive-delete.js:68:17
    at async Promise.all (index 2)
    at async recursiveDelete (C:\Users\eduar\OneDrive\Desktop\Viventa 
RD\node_modules\next\dist\lib\recursive-delete.js:51:5)
    at async C:\Users\eduar\OneDrive\Desktop\Viventa 
RD\node_modules\next\dist\lib\recursive-delete.js:68:17
    at async Promise.all (index 3)
    at async recursiveDelete (C:\Users\eduar\OneDrive\Desktop\Viventa 
RD\node_modules\next\dist\lib\recursive-delete.js:51:5) {
  errno: -4071,
  code: 'EINVAL',
  syscall: 'readlink',
  path: 'C:\\Users\\eduar\\OneDrive\\Desktop\\Viventa 
RD\\.next\\server\\app\\api\\admin\\billing\\payment-link\\route.js'
}
